Input:
if (5 > 1 {2 + 3} else {4 - 6}

Error message:
L1:11 Syntax Error at "{": expect a infix operator

